DEBUG:root:REQUEST İçindeyim  <WSGIRequest: POST '/all/ekle'>
DEBUG:root:REQUEST İçindeyim  <WSGIRequest: POST '/all/ekle'>
DEBUG:root:REQUEST İçindeyim  <WSGIRequest: POST '/all/ekle'>
DEBUG:root:REQUEST İçindeyim  <WSGIRequest: POST '/all/ekle'>
WARNING:py.warnings:/home/ubuntu/Belgeler/pycharm-2017.1.3/helpers/pydev/_pydevd_bundle/pydevd_resolver.py:197: RemovedInDjango19Warning: `request.REQUEST` is deprecated, use `request.GET` or `request.POST` instead.
  attr = getattr(var, n)

WARNING:py.warnings:/usr/lib/python3/dist-packages/django/core/handlers/wsgi.py:126: RemovedInDjango19Warning: `MergeDict` is deprecated, use `dict.update()` instead.
  self._request = datastructures.MergeDict(self.POST, self.GET)

DEBUG:django.db.backends:(0.005) SELECT "django_session"."session_key", "django_session"."session_data", "django_session"."expire_date" FROM "django_session" WHERE ("django_session"."expire_date" > '2017-06-29T12:25:08.392454+00:00'::timestamptz AND "django_session"."session_key" = 'fi8hta93ij3h2nygmycenqj0snapnxw9'); args=(datetime.datetime(2017, 6, 29, 12, 25, 8, 392454, tzinfo=<UTC>), 'fi8hta93ij3h2nygmycenqj0snapnxw9')
DEBUG:django.db.backends:(0.008) SELECT "auth_user"."id", "auth_user"."password", "auth_user"."last_login", "auth_user"."is_superuser", "auth_user"."username", "auth_user"."first_name", "auth_user"."last_name", "auth_user"."email", "auth_user"."is_staff", "auth_user"."is_active", "auth_user"."date_joined" FROM "auth_user" WHERE "auth_user"."id" = 1; args=(1,)
DEBUG:root:REQUEST İçindeyim  <WSGIRequest: POST '/all/ekle'>
DEBUG:root:Gonderdim <WSGIRequest: POST '/all/gonder'>
WARNING:py.warnings:/home/ubuntu/Belgeler/pycharm-2017.1.3/helpers/pydev/_pydevd_bundle/pydevd_resolver.py:197: RemovedInDjango19Warning: `request.REQUEST` is deprecated, use `request.GET` or `request.POST` instead.
  attr = getattr(var, n)

WARNING:py.warnings:/usr/lib/python3/dist-packages/django/core/handlers/wsgi.py:126: RemovedInDjango19Warning: `MergeDict` is deprecated, use `dict.update()` instead.
  self._request = datastructures.MergeDict(self.POST, self.GET)

DEBUG:django.db.backends:(0.007) SELECT "django_session"."session_key", "django_session"."session_data", "django_session"."expire_date" FROM "django_session" WHERE ("django_session"."session_key" = 'fi8hta93ij3h2nygmycenqj0snapnxw9' AND "django_session"."expire_date" > '2017-06-29T12:30:50.274657+00:00'::timestamptz); args=('fi8hta93ij3h2nygmycenqj0snapnxw9', datetime.datetime(2017, 6, 29, 12, 30, 50, 274657, tzinfo=<UTC>))
DEBUG:django.db.backends:(0.005) SELECT "auth_user"."id", "auth_user"."password", "auth_user"."last_login", "auth_user"."is_superuser", "auth_user"."username", "auth_user"."first_name", "auth_user"."last_name", "auth_user"."email", "auth_user"."is_staff", "auth_user"."is_active", "auth_user"."date_joined" FROM "auth_user" WHERE "auth_user"."id" = 1; args=(1,)
DEBUG:root:REQUEST İçindeyim  <WSGIRequest: POST '/all/ekle'>
DEBUG:root:Gonderdim <WSGIRequest: POST '/all/gonder'>
DEBUG:root:Yazdım <WSGIRequest: POST '/all/yaz'>
DEBUG:root:Halil e gelenler <WSGIRequest: POST '/all/halil'>
DEBUG:root:Halil e gelenler <WSGIRequest: POST '/all/halil'>
DEBUG:root:REQUEST İçindeyim  <WSGIRequest: GET '/all/ekle'>
DEBUG:root:Gonderdim <WSGIRequest: POST '/all/gonder'>
DEBUG:root:REQUEST İçindeyim  <WSGIRequest: POST '/all/ekle'>
DEBUG:root:Gonderdim <WSGIRequest: POST '/all/gonder'>
DEBUG:root:REQUEST İçindeyim  <WSGIRequest: GET '/all/ekle'>
DEBUG:root:REQUEST İçindeyim  <WSGIRequest: GET '/all/ekle'>
DEBUG:root:Gonderdim <WSGIRequest: POST '/all/gonder'>
DEBUG:root:REQUEST İçindeyim  <WSGIRequest: GET '/all/ekle'>
DEBUG:root:Gonderdim <WSGIRequest: POST '/all/gonder'>
DEBUG:root:REQUEST İçindeyim  <WSGIRequest: GET '/all/ekle'>
DEBUG:root:REQUEST İçindeyim  <WSGIRequest: POST '/all/ekle'>
DEBUG:root:Gonderdim <WSGIRequest: POST '/all/gonder'>
DEBUG:root:REQUEST İçindeyim  <WSGIRequest: POST '/all/ekle'>
DEBUG:root:REQUEST İçindeyim  <WSGIRequest: POST '/all/ekle'>
DEBUG:root:REQUEST İçindeyim  <WSGIRequest: POST '/all/ekle'>
DEBUG:root:REQUEST İçindeyim  <WSGIRequest: POST '/all/ekle'>
DEBUG:root:REQUEST İçindeyim  <WSGIRequest: POST '/all/ekle'>
DEBUG:root:REQUEST İçindeyim  <WSGIRequest: POST '/all/ekle'>
DEBUG:root:REQUEST İçindeyim  <WSGIRequest: POST '/all/ekle'>
DEBUG:root:REQUEST İçindeyim  <WSGIRequest: POST '/all/ekle'>
DEBUG:root:REQUEST İçindeyim  <WSGIRequest: POST '/all/ekle'>
DEBUG:root:REQUEST İçindeyim  <WSGIRequest: POST '/all/ekle'>
DEBUG:root:REQUEST İçindeyim  <WSGIRequest: POST '/all/ekle'>
DEBUG:root:REQUEST İçindeyim  <WSGIRequest: POST '/all/ekle'>
DEBUG:root:REQUEST İçindeyim  <WSGIRequest: POST '/all/ekle'>
DEBUG:root:REQUEST İçindeyim  <WSGIRequest: POST '/all/ekle'>
DEBUG:root:REQUEST İçindeyim  <WSGIRequest: POST '/all/ekle'>
DEBUG:root:REQUEST İçindeyim  <WSGIRequest: POST '/all/ekle'>
DEBUG:root:REQUEST İçindeyim  <WSGIRequest: POST '/all/ekle'>
DEBUG:root:REQUEST İçindeyim  <WSGIRequest: POST '/all/ekle'>
DEBUG:root:REQUEST İçindeyim  <WSGIRequest: POST '/all/ekle'>
DEBUG:root:REQUEST İçindeyim  <WSGIRequest: POST '/all/ekle'>
DEBUG:root:REQUEST İçindeyim  <WSGIRequest: POST '/all/ekle'>
DEBUG:root:REQUEST İçindeyim  <WSGIRequest: POST '/all/ekle'>
DEBUG:root:REQUEST İçindeyim  <WSGIRequest: POST '/all/ekle'>
DEBUG:root:REQUEST İçindeyim  <WSGIRequest: POST '/all/ekle'>
DEBUG:root:REQUEST İçindeyim  <WSGIRequest: POST '/all/ekle'>
DEBUG:root:REQUEST İçindeyim  <WSGIRequest: POST '/all/ekle'>
DEBUG:root:REQUEST İçindeyim  <WSGIRequest: POST '/all/ekle'>
DEBUG:root:REQUEST İçindeyim  <WSGIRequest: POST '/all/ekle'>
DEBUG:root:REQUEST İçindeyim  <WSGIRequest: POST '/all/ekle'>
DEBUG:root:REQUEST İçindeyim  <WSGIRequest: POST '/all/ekle'>
DEBUG:root:REQUEST İçindeyim  <WSGIRequest: POST '/all/ekle'>
DEBUG:root:REQUEST İçindeyim  <WSGIRequest: GET '/all/ekle'>
DEBUG:root:REQUEST İçindeyim  <WSGIRequest: GET '/all/ekle'>
DEBUG:root:REQUEST İçindeyim  <WSGIRequest: POST '/all/ekle'>
DEBUG:root:REQUEST İçindeyim  <WSGIRequest: POST '/all/ekle'>
DEBUG:root:REQUEST İçindeyim  <WSGIRequest: POST '/all/ekle'>
DEBUG:root:REQUEST İçindeyim  <WSGIRequest: POST '/all/ekle'>
DEBUG:root:REQUEST İçindeyim  <WSGIRequest: GET '/all/ekle'>
DEBUG:root:REQUEST İçindeyim  <WSGIRequest: POST '/all/ekle'>
DEBUG:root:REQUEST İçindeyim  <WSGIRequest: GET '/all/ekle'>
DEBUG:root:REQUEST İçindeyim  <WSGIRequest: POST '/all/ekle'>
DEBUG:root:REQUEST İçindeyim  <WSGIRequest: POST '/all/ekle'>
DEBUG:root:REQUEST İçindeyim  <WSGIRequest: POST '/all/ekle'>
DEBUG:root:REQUEST İçindeyim  <WSGIRequest: POST '/all/ekle'>
DEBUG:root:REQUEST İçindeyim  <WSGIRequest: GET '/all/ekle'>
DEBUG:root:REQUEST İçindeyim  <WSGIRequest: POST '/all/ekle'>
DEBUG:root:REQUEST İçindeyim  <WSGIRequest: POST '/all/ekle'>
DEBUG:root:REQUEST İçindeyim  <WSGIRequest: GET '/all/ekle'>
DEBUG:root:REQUEST İçindeyim  <WSGIRequest: POST '/all/ekle'>
DEBUG:root:REQUEST İçindeyim  <WSGIRequest: GET '/all/ekle'>
DEBUG:root:REQUEST İçindeyim  <WSGIRequest: GET '/all/ekle'>
DEBUG:root:REQUEST İçindeyim  <WSGIRequest: POST '/all/ekle'>
DEBUG:root:REQUEST İçindeyim  <WSGIRequest: POST '/all/ekle'>
DEBUG:root:REQUEST İçindeyim  <WSGIRequest: POST '/all/ekle'>
DEBUG:root:REQUEST İçindeyim  <WSGIRequest: GET '/all/ekle'>
DEBUG:root:REQUEST İçindeyim  <WSGIRequest: POST '/all/ekle'>
DEBUG:root:REQUEST İçindeyim  <WSGIRequest: GET '/all/ekle'>
DEBUG:root:REQUEST İçindeyim  <WSGIRequest: POST '/all/ekle'>
DEBUG:root:REQUEST İçindeyim  <WSGIRequest: POST '/all/ekle'>
DEBUG:root:REQUEST İçindeyim  <WSGIRequest: GET '/all/ekle'>
DEBUG:root:REQUEST İçindeyim  <WSGIRequest: POST '/all/ekle'>
DEBUG:root:REQUEST İçindeyim  <WSGIRequest: GET '/all/ekle'>
DEBUG:root:REQUEST İçindeyim  <WSGIRequest: POST '/all/ekle'>
DEBUG:root:REQUEST İçindeyim  <WSGIRequest: GET '/all/ekle'>
DEBUG:root:REQUEST İçindeyim  <WSGIRequest: POST '/all/ekle'>
DEBUG:root:REQUEST İçindeyim  <WSGIRequest: GET '/all/ekle'>
DEBUG:root:REQUEST İçindeyim  <WSGIRequest: POST '/all/ekle'>
DEBUG:root:REQUEST İçindeyim  <WSGIRequest: POST '/all/ekle'>
DEBUG:root:REQUEST İçindeyim  <WSGIRequest: GET '/all/ekle'>
DEBUG:root:REQUEST İçindeyim  <WSGIRequest: GET '/all/ekle'>
DEBUG:root:REQUEST İçindeyim  <WSGIRequest: POST '/all/ekle'>
DEBUG:root:REQUEST İçindeyim  <WSGIRequest: POST '/all/ekle'>
DEBUG:root:REQUEST İçindeyim  <WSGIRequest: GET '/all/ekle'>
DEBUG:root:REQUEST İçindeyim  <WSGIRequest: POST '/all/ekle'>
DEBUG:root:REQUEST İçindeyim  <WSGIRequest: POST '/all/ekle'>
DEBUG:root:REQUEST İçindeyim  <WSGIRequest: POST '/all/ekle'>
DEBUG:root:REQUEST İçindeyim  <WSGIRequest: POST '/all/ekle'>
DEBUG:root:REQUEST İçindeyim  <WSGIRequest: POST '/all/ekle'>
DEBUG:root:REQUEST İçindeyim  <WSGIRequest: POST '/all/ekle'>
WARNING:py.warnings:/home/ubuntu/Belgeler/pycharm-2017.1.3/helpers/pydev/_pydevd_bundle/pydevd_resolver.py:197: RemovedInDjango19Warning: `request.REQUEST` is deprecated, use `request.GET` or `request.POST` instead.
  attr = getattr(var, n)

WARNING:py.warnings:/usr/lib/python3/dist-packages/django/core/handlers/wsgi.py:126: RemovedInDjango19Warning: `MergeDict` is deprecated, use `dict.update()` instead.
  self._request = datastructures.MergeDict(self.POST, self.GET)

DEBUG:django.db.backends:(0.005) SELECT "django_session"."session_key", "django_session"."session_data", "django_session"."expire_date" FROM "django_session" WHERE ("django_session"."expire_date" > '2017-06-29T13:52:40.536913+00:00'::timestamptz AND "django_session"."session_key" = 'fi8hta93ij3h2nygmycenqj0snapnxw9'); args=(datetime.datetime(2017, 6, 29, 13, 52, 40, 536913, tzinfo=<UTC>), 'fi8hta93ij3h2nygmycenqj0snapnxw9')
DEBUG:django.db.backends:(0.007) SELECT "auth_user"."id", "auth_user"."password", "auth_user"."last_login", "auth_user"."is_superuser", "auth_user"."username", "auth_user"."first_name", "auth_user"."last_name", "auth_user"."email", "auth_user"."is_staff", "auth_user"."is_active", "auth_user"."date_joined" FROM "auth_user" WHERE "auth_user"."id" = 1; args=(1,)
DEBUG:django.db.backends:(0.005) SELECT "django_session"."session_key", "django_session"."session_data", "django_session"."expire_date" FROM "django_session" WHERE ("django_session"."expire_date" > '2017-06-29T13:53:27.337830+00:00'::timestamptz AND "django_session"."session_key" = 'fi8hta93ij3h2nygmycenqj0snapnxw9'); args=(datetime.datetime(2017, 6, 29, 13, 53, 27, 337830, tzinfo=<UTC>), 'fi8hta93ij3h2nygmycenqj0snapnxw9')
DEBUG:django.db.backends:(0.005) SELECT "auth_user"."id", "auth_user"."password", "auth_user"."last_login", "auth_user"."is_superuser", "auth_user"."username", "auth_user"."first_name", "auth_user"."last_name", "auth_user"."email", "auth_user"."is_staff", "auth_user"."is_active", "auth_user"."date_joined" FROM "auth_user" WHERE "auth_user"."id" = 1; args=(1,)
DEBUG:root:REQUEST İçindeyim  <WSGIRequest: POST '/all/ekle'>
DEBUG:root:REQUEST İçindeyim  <WSGIRequest: GET '/all/ekle'>
DEBUG:django.db.backends:(0.005) SELECT "django_session"."session_key", "django_session"."session_data", "django_session"."expire_date" FROM "django_session" WHERE ("django_session"."expire_date" > '2017-06-29T13:54:22.567169+00:00'::timestamptz AND "django_session"."session_key" = 'fi8hta93ij3h2nygmycenqj0snapnxw9'); args=(datetime.datetime(2017, 6, 29, 13, 54, 22, 567169, tzinfo=<UTC>), 'fi8hta93ij3h2nygmycenqj0snapnxw9')
DEBUG:django.db.backends:(0.005) SELECT "auth_user"."id", "auth_user"."password", "auth_user"."last_login", "auth_user"."is_superuser", "auth_user"."username", "auth_user"."first_name", "auth_user"."last_name", "auth_user"."email", "auth_user"."is_staff", "auth_user"."is_active", "auth_user"."date_joined" FROM "auth_user" WHERE "auth_user"."id" = 1; args=(1,)
DEBUG:root:REQUEST İçindeyim  <WSGIRequest: GET '/all/ekle'>
DEBUG:django.db.backends:(0.005) SELECT "django_session"."session_key", "django_session"."session_data", "django_session"."expire_date" FROM "django_session" WHERE ("django_session"."expire_date" > '2017-06-29T13:54:39.209239+00:00'::timestamptz AND "django_session"."session_key" = 'fi8hta93ij3h2nygmycenqj0snapnxw9'); args=(datetime.datetime(2017, 6, 29, 13, 54, 39, 209239, tzinfo=<UTC>), 'fi8hta93ij3h2nygmycenqj0snapnxw9')
DEBUG:django.db.backends:(0.010) SELECT "auth_user"."id", "auth_user"."password", "auth_user"."last_login", "auth_user"."is_superuser", "auth_user"."username", "auth_user"."first_name", "auth_user"."last_name", "auth_user"."email", "auth_user"."is_staff", "auth_user"."is_active", "auth_user"."date_joined" FROM "auth_user" WHERE "auth_user"."id" = 1; args=(1,)
DEBUG:root:REQUEST İçindeyim  <WSGIRequest: GET '/all/ekle'>
DEBUG:root:REQUEST İçindeyim  <WSGIRequest: POST '/all/ekle'>
DEBUG:root:REQUEST İçindeyim  <WSGIRequest: POST '/all/ekle'>
DEBUG:root:REQUEST İçindeyim  <WSGIRequest: POST '/all/ekle'>
DEBUG:root:REQUEST İçindeyim  <WSGIRequest: POST '/all/ekle'>
DEBUG:root:REQUEST İçindeyim  <WSGIRequest: GET '/all/ekle'>
WARNING:py.warnings:/home/ubuntu/Belgeler/pycharm-2017.1.3/helpers/pydev/_pydevd_bundle/pydevd_resolver.py:197: RemovedInDjango19Warning: `request.REQUEST` is deprecated, use `request.GET` or `request.POST` instead.
  attr = getattr(var, n)

WARNING:py.warnings:/usr/lib/python3/dist-packages/django/core/handlers/wsgi.py:126: RemovedInDjango19Warning: `MergeDict` is deprecated, use `dict.update()` instead.
  self._request = datastructures.MergeDict(self.POST, self.GET)

DEBUG:django.db.backends:(0.007) SELECT "django_session"."session_key", "django_session"."session_data", "django_session"."expire_date" FROM "django_session" WHERE ("django_session"."session_key" = 'fi8hta93ij3h2nygmycenqj0snapnxw9' AND "django_session"."expire_date" > '2017-06-29T13:56:47.395147+00:00'::timestamptz); args=('fi8hta93ij3h2nygmycenqj0snapnxw9', datetime.datetime(2017, 6, 29, 13, 56, 47, 395147, tzinfo=<UTC>))
DEBUG:django.db.backends:(0.008) SELECT "auth_user"."id", "auth_user"."password", "auth_user"."last_login", "auth_user"."is_superuser", "auth_user"."username", "auth_user"."first_name", "auth_user"."last_name", "auth_user"."email", "auth_user"."is_staff", "auth_user"."is_active", "auth_user"."date_joined" FROM "auth_user" WHERE "auth_user"."id" = 1; args=(1,)
DEBUG:root:REQUEST İçindeyim  <WSGIRequest: POST '/all/ekle'>
DEBUG:django.db.backends:(0.009) SELECT "django_session"."session_key", "django_session"."session_data", "django_session"."expire_date" FROM "django_session" WHERE ("django_session"."session_key" = 'fi8hta93ij3h2nygmycenqj0snapnxw9' AND "django_session"."expire_date" > '2017-06-29T13:57:55.813884+00:00'::timestamptz); args=('fi8hta93ij3h2nygmycenqj0snapnxw9', datetime.datetime(2017, 6, 29, 13, 57, 55, 813884, tzinfo=<UTC>))
DEBUG:django.db.backends:(0.005) SELECT "auth_user"."id", "auth_user"."password", "auth_user"."last_login", "auth_user"."is_superuser", "auth_user"."username", "auth_user"."first_name", "auth_user"."last_name", "auth_user"."email", "auth_user"."is_staff", "auth_user"."is_active", "auth_user"."date_joined" FROM "auth_user" WHERE "auth_user"."id" = 1; args=(1,)
DEBUG:root:REQUEST İçindeyim  <WSGIRequest: POST '/all/ekle'>
DEBUG:django.db.backends:(0.006) SELECT "django_session"."session_key", "django_session"."session_data", "django_session"."expire_date" FROM "django_session" WHERE ("django_session"."session_key" = 'fi8hta93ij3h2nygmycenqj0snapnxw9' AND "django_session"."expire_date" > '2017-06-29T13:58:44.162428+00:00'::timestamptz); args=('fi8hta93ij3h2nygmycenqj0snapnxw9', datetime.datetime(2017, 6, 29, 13, 58, 44, 162428, tzinfo=<UTC>))
DEBUG:django.db.backends:(0.005) SELECT "auth_user"."id", "auth_user"."password", "auth_user"."last_login", "auth_user"."is_superuser", "auth_user"."username", "auth_user"."first_name", "auth_user"."last_name", "auth_user"."email", "auth_user"."is_staff", "auth_user"."is_active", "auth_user"."date_joined" FROM "auth_user" WHERE "auth_user"."id" = 1; args=(1,)
DEBUG:root:REQUEST İçindeyim  <WSGIRequest: POST '/all/ekle'>
DEBUG:django.db.backends:(0.011) SELECT "django_session"."session_key", "django_session"."session_data", "django_session"."expire_date" FROM "django_session" WHERE ("django_session"."session_key" = 'fi8hta93ij3h2nygmycenqj0snapnxw9' AND "django_session"."expire_date" > '2017-06-29T13:59:17.670927+00:00'::timestamptz); args=('fi8hta93ij3h2nygmycenqj0snapnxw9', datetime.datetime(2017, 6, 29, 13, 59, 17, 670927, tzinfo=<UTC>))
DEBUG:django.db.backends:(0.008) SELECT "auth_user"."id", "auth_user"."password", "auth_user"."last_login", "auth_user"."is_superuser", "auth_user"."username", "auth_user"."first_name", "auth_user"."last_name", "auth_user"."email", "auth_user"."is_staff", "auth_user"."is_active", "auth_user"."date_joined" FROM "auth_user" WHERE "auth_user"."id" = 1; args=(1,)
DEBUG:root:REQUEST İçindeyim  <WSGIRequest: POST '/all/ekle'>
